id|ts|uid|id$orig_h|id$orig_p|id$resp_h|id$resp_p|trans_depth|method|host|uri|referrer|version|user_agent|request_body_len|response_body_len|status_code|status_msg|info_code|info_msg|tags|username|password|proxied|orig_fuids|orig_filenames|orig_mime_types|resp_fuids|resp_filenames|resp_mime_types
1|1300475168.78402|CUM0KZ3MLUfNB0cl11|141.142.220.118|48649|208.80.152.118|80|1|GET|bits.wikimedia.org|/skins-1.5/monobook/main.css|http://www.wikipedia.org/|1.1|Mozilla/5.0 (X11; U; Linux x86_64; en-US; rv:1.9.2.15) Gecko/20110303 Ubuntu/10.04 (lucid) Firefox/3.6.15|0|0|304|Not Modified||||||||||||
2|1300475168.91602|CwjjYJ2WqgTbAqiHl6|141.142.220.118|49997|208.80.152.3|80|1|GET|upload.wikimedia.org|/wikipedia/commons/6/63/Wikipedia-logo.png|http://www.wikipedia.org/|1.0|Mozilla/5.0 (X11; U; Linux x86_64; en-US; rv:1.9.2.15) Gecko/20110303 Ubuntu/10.04 (lucid) Firefox/3.6.15|0|0|304|Not Modified||||||||||||
3|1300475168.91618|C3eiCBGOLw3VtHfOj|141.142.220.118|49996|208.80.152.3|80|1|GET|upload.wikimedia.org|/wikipedia/commons/thumb/b/bb/Wikipedia_wordmark.svg/174px-Wikipedia_wordmark.svg.png|http://www.wikipedia.org/|1.0|Mozilla/5.0 (X11; U; Linux x86_64; en-US; rv:1.9.2.15) Gecko/20110303 Ubuntu/10.04 (lucid) Firefox/3.6.15|0|0|304|Not Modified||||||||||||
4|1300475168.91836|Ck51lg1bScffFj34Ri|141.142.220.118|49998|208.80.152.3|80|1|GET|upload.wikimedia.org|/wikipedia/commons/b/bd/Bookshelf-40x201_6.png|http://www.wikipedia.org/|1.0|Mozilla/5.0 (X11; U; Linux x86_64; en-US; rv:1.9.2.15) Gecko/20110303 Ubuntu/10.04 (lucid) Firefox/3.6.15|0|0|304|Not Modified||||||||||||
5|1300475168.95231|CtxTCR2Yer0FR1tIBg|141.142.220.118|50000|208.80.152.3|80|1|GET|upload.wikimedia.org|/wikipedia/commons/thumb/8/8a/Wikinews-logo.png/35px-Wikinews-logo.png|http://www.wikipedia.org/|1.0|Mozilla/5.0 (X11; U; Linux x86_64; en-US; rv:1.9.2.15) Gecko/20110303 Ubuntu/10.04 (lucid) Firefox/3.6.15|0|0|304|Not Modified||||||||||||
6|1300475168.9523|CykQaM33ztNt0csB9a|141.142.220.118|49999|208.80.152.3|80|1|GET|upload.wikimedia.org|/wikipedia/commons/4/4a/Wiktionary-logo-en-35px.png|http://www.wikipedia.org/|1.0|Mozilla/5.0 (X11; U; Linux x86_64; en-US; rv:1.9.2.15) Gecko/20110303 Ubuntu/10.04 (lucid) Firefox/3.6.15|0|0|304|Not Modified||||||||||||
7|1300475168.95482|CLNN1k2QMum1aexUK7|141.142.220.118|50001|208.80.152.3|80|1|GET|upload.wikimedia.org|/wikipedia/commons/thumb/f/fa/Wikiquote-logo.svg/35px-Wikiquote-logo.svg.png|http://www.wikipedia.org/|1.0|Mozilla/5.0 (X11; U; Linux x86_64; en-US; rv:1.9.2.15) Gecko/20110303 Ubuntu/10.04 (lucid) Firefox/3.6.15|0|0|304|Not Modified||||||||||||
8|1300475168.96269|CiyBAq1bBLNaTiTAc|141.142.220.118|35642|208.80.152.2|80|1|GET|meta.wikimedia.org|/images/wikimedia-button.png|http://www.wikipedia.org/|1.0|Mozilla/5.0 (X11; U; Linux x86_64; en-US; rv:1.9.2.15) Gecko/20110303 Ubuntu/10.04 (lucid) Firefox/3.6.15|0|0|304|Not Modified||||||||||||
9|1300475168.97593|CwjjYJ2WqgTbAqiHl6|141.142.220.118|49997|208.80.152.3|80|2|GET|upload.wikimedia.org|/wikipedia/commons/thumb/f/fa/Wikibooks-logo.svg/35px-Wikibooks-logo.svg.png|http://www.wikipedia.org/|1.0|Mozilla/5.0 (X11; U; Linux x86_64; en-US; rv:1.9.2.15) Gecko/20110303 Ubuntu/10.04 (lucid) Firefox/3.6.15|0|0|304|Not Modified||||||||||||
10|1300475168.97644|C3eiCBGOLw3VtHfOj|141.142.220.118|49996|208.80.152.3|80|2|GET|upload.wikimedia.org|/wikipedia/commons/thumb/d/df/Wikispecies-logo.svg/35px-Wikispecies-logo.svg.png|http://www.wikipedia.org/|1.0|Mozilla/5.0 (X11; U; Linux x86_64; en-US; rv:1.9.2.15) Gecko/20110303 Ubuntu/10.04 (lucid) Firefox/3.6.15|0|0|304|Not Modified||||||||||||
11|1300475168.97926|Ck51lg1bScffFj34Ri|141.142.220.118|49998|208.80.152.3|80|2|GET|upload.wikimedia.org|/wikipedia/commons/thumb/4/4c/Wikisource-logo.svg/35px-Wikisource-logo.svg.png|http://www.wikipedia.org/|1.0|Mozilla/5.0 (X11; U; Linux x86_64; en-US; rv:1.9.2.15) Gecko/20110303 Ubuntu/10.04 (lucid) Firefox/3.6.15|0|0|304|Not Modified||||||||||||
12|1300475169.01462|CtxTCR2Yer0FR1tIBg|141.142.220.118|50000|208.80.152.3|80|2|GET|upload.wikimedia.org|/wikipedia/commons/thumb/4/4a/Commons-logo.svg/35px-Commons-logo.svg.png|http://www.wikipedia.org/|1.0|Mozilla/5.0 (X11; U; Linux x86_64; en-US; rv:1.9.2.15) Gecko/20110303 Ubuntu/10.04 (lucid) Firefox/3.6.15|0|0|304|Not Modified||||||||||||
13|1300475169.01459|CykQaM33ztNt0csB9a|141.142.220.118|49999|208.80.152.3|80|2|GET|upload.wikimedia.org|/wikipedia/commons/thumb/9/91/Wikiversity-logo.svg/35px-Wikiversity-logo.svg.png|http://www.wikipedia.org/|1.0|Mozilla/5.0 (X11; U; Linux x86_64; en-US; rv:1.9.2.15) Gecko/20110303 Ubuntu/10.04 (lucid) Firefox/3.6.15|0|0|304|Not Modified||||||||||||
14|1300475169.01493|CLNN1k2QMum1aexUK7|141.142.220.118|50001|208.80.152.3|80|2|GET|upload.wikimedia.org|/wikipedia/commons/thumb/7/75/Wikimedia_Community_Logo.svg/35px-Wikimedia_Community_Logo.svg.png|http://www.wikipedia.org/|1.0|Mozilla/5.0 (X11; U; Linux x86_64; en-US; rv:1.9.2.15) Gecko/20110303 Ubuntu/10.04 (lucid) Firefox/3.6.15|0|0|304|Not Modified||||||||||||
(14 rows)
