id|b|i|e|c|p|sn|a|d|t|iv|s|sc|ss|se|vc|ve|f
1|t|-42|SSH::LOG|21|123|10.0.0.0/24|1.2.3.4|3.14|1469746520.97267|100|hurz|{2,4,1,3}|{'BB','AA','CC'}||{10,20,30}||SSHTest::foo
{ 
if (0 < SSHTest::i) 
	return (Foo);
else
	return (Bar);

}
(1 row)
